../Middlewares/Third_Party/SEGGER/SEGGER_SYSVIEW_FreeRTOS.c:114:12:_cbGetTime	8	static
../Middlewares/Third_Party/SEGGER/SEGGER_SYSVIEW_FreeRTOS.c:197:6:SYSVIEW_DeleteTask	12	static
../Middlewares/Third_Party/SEGGER/SEGGER_SYSVIEW_FreeRTOS.c:238:6:SYSVIEW_SendTaskInfo	32	static
../Middlewares/Third_Party/SEGGER/SEGGER_SYSVIEW_FreeRTOS.c:136:6:SYSVIEW_AddTask	32	static
../Middlewares/Third_Party/SEGGER/SEGGER_SYSVIEW_FreeRTOS.c:166:6:SYSVIEW_UpdateTask	32	static
../Middlewares/Third_Party/SEGGER/SEGGER_SYSVIEW_FreeRTOS.c:94:13:_cbSendTaskList	32	static
