../Middlewares/Third_Party/SEGGER/SEGGER_SYSVIEW.c:354:12:_EncodeData	32	static
../Middlewares/Third_Party/SEGGER/SEGGER_SYSVIEW.c:388:12:_EncodeStr	32	static
../Middlewares/Third_Party/SEGGER/SEGGER_SYSVIEW.c:440:12:_PreparePacket	16	static
../Middlewares/Third_Party/SEGGER/SEGGER_SYSVIEW.c:457:13:_HandleIncomingPacket	16	static
../Middlewares/Third_Party/SEGGER/SEGGER_SYSVIEW.c:522:12:_TrySendOverflowPacket	56	static
../Middlewares/Third_Party/SEGGER/SEGGER_SYSVIEW.c:625:13:_SendPacket	48	static
../Middlewares/Third_Party/SEGGER/SEGGER_SYSVIEW.c:764:12:_VPrintHost	144	static,ignoring_inline_asm
../Middlewares/Third_Party/SEGGER/SEGGER_SYSVIEW.c:845:13:_StoreChar	48	static
../Middlewares/Third_Party/SEGGER/SEGGER_SYSVIEW.c:887:13:_PrintUnsigned	48	static
../Middlewares/Third_Party/SEGGER/SEGGER_SYSVIEW.c:978:13:_PrintInt	40	static
../Middlewares/Third_Party/SEGGER/SEGGER_SYSVIEW.c:1051:13:_VPrintTarget	104	static,ignoring_inline_asm
../Middlewares/Third_Party/SEGGER/SEGGER_SYSVIEW.c:1227:6:SEGGER_SYSVIEW_Init	32	static
../Middlewares/Third_Party/SEGGER/SEGGER_SYSVIEW.c:1281:6:SEGGER_SYSVIEW_SetRAMBase	16	static
../Middlewares/Third_Party/SEGGER/SEGGER_SYSVIEW.c:1295:6:SEGGER_SYSVIEW_RecordVoid	24	static,ignoring_inline_asm
../Middlewares/Third_Party/SEGGER/SEGGER_SYSVIEW.c:1315:6:SEGGER_SYSVIEW_RecordU32	40	static,ignoring_inline_asm
../Middlewares/Third_Party/SEGGER/SEGGER_SYSVIEW.c:1338:6:SEGGER_SYSVIEW_RecordU32x2	56	static,ignoring_inline_asm
../Middlewares/Third_Party/SEGGER/SEGGER_SYSVIEW.c:1363:6:SEGGER_SYSVIEW_RecordU32x3	64	static,ignoring_inline_asm
../Middlewares/Third_Party/SEGGER/SEGGER_SYSVIEW.c:1390:6:SEGGER_SYSVIEW_RecordU32x4	72	static,ignoring_inline_asm
../Middlewares/Third_Party/SEGGER/SEGGER_SYSVIEW.c:1419:6:SEGGER_SYSVIEW_RecordU32x5	80	static,ignoring_inline_asm
../Middlewares/Third_Party/SEGGER/SEGGER_SYSVIEW.c:1450:6:SEGGER_SYSVIEW_RecordU32x6	88	static,ignoring_inline_asm
../Middlewares/Third_Party/SEGGER/SEGGER_SYSVIEW.c:1483:6:SEGGER_SYSVIEW_RecordU32x7	96	static,ignoring_inline_asm
../Middlewares/Third_Party/SEGGER/SEGGER_SYSVIEW.c:1518:6:SEGGER_SYSVIEW_RecordU32x8	104	static,ignoring_inline_asm
../Middlewares/Third_Party/SEGGER/SEGGER_SYSVIEW.c:1555:6:SEGGER_SYSVIEW_RecordU32x9	112	static,ignoring_inline_asm
../Middlewares/Third_Party/SEGGER/SEGGER_SYSVIEW.c:1594:6:SEGGER_SYSVIEW_RecordU32x10	120	static,ignoring_inline_asm
../Middlewares/Third_Party/SEGGER/SEGGER_SYSVIEW.c:1629:6:SEGGER_SYSVIEW_RecordString	32	static,ignoring_inline_asm
../Middlewares/Third_Party/SEGGER/SEGGER_SYSVIEW.c:1658:6:SEGGER_SYSVIEW_Start	56	static,ignoring_inline_asm
../Middlewares/Third_Party/SEGGER/SEGGER_SYSVIEW.c:1704:6:SEGGER_SYSVIEW_Stop	16	static,ignoring_inline_asm
../Middlewares/Third_Party/SEGGER/SEGGER_SYSVIEW.c:1723:6:SEGGER_SYSVIEW_GetSysDesc	56	static,ignoring_inline_asm
../Middlewares/Third_Party/SEGGER/SEGGER_SYSVIEW.c:1751:6:SEGGER_SYSVIEW_SendTaskInfo	80	static,ignoring_inline_asm
../Middlewares/Third_Party/SEGGER/SEGGER_SYSVIEW.c:1778:6:SEGGER_SYSVIEW_SendTaskList	8	static
../Middlewares/Third_Party/SEGGER/SEGGER_SYSVIEW.c:1803:6:SEGGER_SYSVIEW_SendSysDesc	32	static,ignoring_inline_asm
../Middlewares/Third_Party/SEGGER/SEGGER_SYSVIEW.c:1821:6:SEGGER_SYSVIEW_RecordSystime	24	static
../Middlewares/Third_Party/SEGGER/SEGGER_SYSVIEW.c:1845:6:SEGGER_SYSVIEW_RecordEnterISR	32	static,ignoring_inline_asm
../Middlewares/Third_Party/SEGGER/SEGGER_SYSVIEW.c:1872:6:SEGGER_SYSVIEW_RecordExitISR	16	static,ignoring_inline_asm
../Middlewares/Third_Party/SEGGER/SEGGER_SYSVIEW.c:1894:6:SEGGER_SYSVIEW_RecordExitISRToScheduler	16	static,ignoring_inline_asm
../Middlewares/Third_Party/SEGGER/SEGGER_SYSVIEW.c:1912:6:SEGGER_SYSVIEW_RecordEnterTimer	40	static,ignoring_inline_asm
../Middlewares/Third_Party/SEGGER/SEGGER_SYSVIEW.c:1930:6:SEGGER_SYSVIEW_RecordExitTimer	16	static,ignoring_inline_asm
../Middlewares/Third_Party/SEGGER/SEGGER_SYSVIEW.c:1948:6:SEGGER_SYSVIEW_RecordEndCall	40	static,ignoring_inline_asm
../Middlewares/Third_Party/SEGGER/SEGGER_SYSVIEW.c:1970:6:SEGGER_SYSVIEW_RecordEndCallU32	48	static,ignoring_inline_asm
../Middlewares/Third_Party/SEGGER/SEGGER_SYSVIEW.c:1989:6:SEGGER_SYSVIEW_OnIdle	16	static,ignoring_inline_asm
../Middlewares/Third_Party/SEGGER/SEGGER_SYSVIEW.c:2008:6:SEGGER_SYSVIEW_OnTaskCreate	40	static,ignoring_inline_asm
../Middlewares/Third_Party/SEGGER/SEGGER_SYSVIEW.c:2033:6:SEGGER_SYSVIEW_OnTaskTerminate	40	static,ignoring_inline_asm
../Middlewares/Third_Party/SEGGER/SEGGER_SYSVIEW.c:2057:6:SEGGER_SYSVIEW_OnTaskStartExec	40	static,ignoring_inline_asm
../Middlewares/Third_Party/SEGGER/SEGGER_SYSVIEW.c:2077:6:SEGGER_SYSVIEW_OnTaskStopExec	16	static,ignoring_inline_asm
../Middlewares/Third_Party/SEGGER/SEGGER_SYSVIEW.c:2095:6:SEGGER_SYSVIEW_OnTaskStartReady	40	static,ignoring_inline_asm
../Middlewares/Third_Party/SEGGER/SEGGER_SYSVIEW.c:2118:6:SEGGER_SYSVIEW_OnTaskStopReady	48	static,ignoring_inline_asm
../Middlewares/Third_Party/SEGGER/SEGGER_SYSVIEW.c:2141:6:SEGGER_SYSVIEW_OnUserStart	40	static,ignoring_inline_asm
../Middlewares/Third_Party/SEGGER/SEGGER_SYSVIEW.c:2162:6:SEGGER_SYSVIEW_OnUserStop	40	static,ignoring_inline_asm
../Middlewares/Third_Party/SEGGER/SEGGER_SYSVIEW.c:2184:6:SEGGER_SYSVIEW_NameResource	40	static,ignoring_inline_asm
../Middlewares/Third_Party/SEGGER/SEGGER_SYSVIEW.c:2213:5:SEGGER_SYSVIEW_SendPacket	32	static,ignoring_inline_asm
../Middlewares/Third_Party/SEGGER/SEGGER_SYSVIEW.c:2240:5:SEGGER_SYSVIEW_EncodeU32	24	static
../Middlewares/Third_Party/SEGGER/SEGGER_SYSVIEW.c:2267:5:SEGGER_SYSVIEW_EncodeString	24	static
../Middlewares/Third_Party/SEGGER/SEGGER_SYSVIEW.c:2293:5:SEGGER_SYSVIEW_EncodeData	24	static
../Middlewares/Third_Party/SEGGER/SEGGER_SYSVIEW.c:2321:5:SEGGER_SYSVIEW_EncodeId	24	static
../Middlewares/Third_Party/SEGGER/SEGGER_SYSVIEW.c:2349:5:SEGGER_SYSVIEW_ShrinkId	16	static
../Middlewares/Third_Party/SEGGER/SEGGER_SYSVIEW.c:2371:6:SEGGER_SYSVIEW_RegisterModule	24	static,ignoring_inline_asm
../Middlewares/Third_Party/SEGGER/SEGGER_SYSVIEW.c:2412:6:SEGGER_SYSVIEW_RecordModuleDescription	56	static,ignoring_inline_asm
../Middlewares/Third_Party/SEGGER/SEGGER_SYSVIEW.c:2453:6:SEGGER_SYSVIEW_SendModule	56	static,ignoring_inline_asm
../Middlewares/Third_Party/SEGGER/SEGGER_SYSVIEW.c:2492:6:SEGGER_SYSVIEW_SendModuleDescription	16	static
../Middlewares/Third_Party/SEGGER/SEGGER_SYSVIEW.c:2513:6:SEGGER_SYSVIEW_SendNumModules	32	static,ignoring_inline_asm
../Middlewares/Third_Party/SEGGER/SEGGER_SYSVIEW.c:2540:6:SEGGER_SYSVIEW_PrintfHostEx	28	static
../Middlewares/Third_Party/SEGGER/SEGGER_SYSVIEW.c:2574:6:SEGGER_SYSVIEW_PrintfHost	16	static
../Middlewares/Third_Party/SEGGER/SEGGER_SYSVIEW.c:2609:6:SEGGER_SYSVIEW_WarnfHost	16	static
../Middlewares/Third_Party/SEGGER/SEGGER_SYSVIEW.c:2644:6:SEGGER_SYSVIEW_ErrorfHost	16	static
../Middlewares/Third_Party/SEGGER/SEGGER_SYSVIEW.c:2677:6:SEGGER_SYSVIEW_PrintfTargetEx	28	static
../Middlewares/Third_Party/SEGGER/SEGGER_SYSVIEW.c:2696:6:SEGGER_SYSVIEW_PrintfTarget	16	static
../Middlewares/Third_Party/SEGGER/SEGGER_SYSVIEW.c:2715:6:SEGGER_SYSVIEW_WarnfTarget	16	static
../Middlewares/Third_Party/SEGGER/SEGGER_SYSVIEW.c:2734:6:SEGGER_SYSVIEW_ErrorfTarget	16	static
../Middlewares/Third_Party/SEGGER/SEGGER_SYSVIEW.c:2753:6:SEGGER_SYSVIEW_Print	48	static,ignoring_inline_asm
../Middlewares/Third_Party/SEGGER/SEGGER_SYSVIEW.c:2775:6:SEGGER_SYSVIEW_Warn	48	static,ignoring_inline_asm
../Middlewares/Third_Party/SEGGER/SEGGER_SYSVIEW.c:2797:6:SEGGER_SYSVIEW_Error	48	static,ignoring_inline_asm
../Middlewares/Third_Party/SEGGER/SEGGER_SYSVIEW.c:2819:6:SEGGER_SYSVIEW_EnableEvents	16	static
../Middlewares/Third_Party/SEGGER/SEGGER_SYSVIEW.c:2833:6:SEGGER_SYSVIEW_DisableEvents	16	static
../Middlewares/Third_Party/SEGGER/SEGGER_SYSVIEW.c:2848:5:SEGGER_SYSVIEW_IsStarted	8	static
