../Middlewares/Third_Party/SEGGER/SEGGER_RTT.c:485:17:_GetAvailWriteSpace	0	static
../Middlewares/Third_Party/SEGGER/SEGGER_RTT.c:399:13:_WriteNoCheck	32	static
../Middlewares/Third_Party/SEGGER/SEGGER_RTT.c:335:17:_WriteBlocking	32	static
../Middlewares/Third_Party/SEGGER/SEGGER_RTT.c:463:13:_PostTerminalSwitch	16	static
../Middlewares/Third_Party/SEGGER/SEGGER_RTT.c:280:13:_DoInit	0	static
../Middlewares/Third_Party/SEGGER/SEGGER_RTT.c:526:10:SEGGER_RTT_ReadNoLock	32	static
../Middlewares/Third_Party/SEGGER/SEGGER_RTT.c:616:10:SEGGER_RTT_Read	8	static,ignoring_inline_asm
../Middlewares/Third_Party/SEGGER/SEGGER_RTT.c:655:6:SEGGER_RTT_WriteWithOverwriteNoLock	32	static
../Middlewares/Third_Party/SEGGER/SEGGER_RTT.c:834:10:SEGGER_RTT_WriteNoLock	24	static
../Middlewares/Third_Party/SEGGER/SEGGER_RTT.c:905:10:SEGGER_RTT_Write	24	static,ignoring_inline_asm
../Middlewares/Third_Party/SEGGER/SEGGER_RTT.c:942:10:SEGGER_RTT_WriteString	16	static
../Middlewares/Third_Party/SEGGER/SEGGER_RTT.c:972:10:SEGGER_RTT_PutCharSkipNoLock	8	static
../Middlewares/Third_Party/SEGGER/SEGGER_RTT.c:1019:10:SEGGER_RTT_PutCharSkip	16	static,ignoring_inline_asm
../Middlewares/Third_Party/SEGGER/SEGGER_RTT.c:1075:10:SEGGER_RTT_PutChar	16	static,ignoring_inline_asm
../Middlewares/Third_Party/SEGGER/SEGGER_RTT.c:1136:5:SEGGER_RTT_GetKey	16	static
../Middlewares/Third_Party/SEGGER/SEGGER_RTT.c:1164:5:SEGGER_RTT_WaitKey	8	static
../Middlewares/Third_Party/SEGGER/SEGGER_RTT.c:1187:5:SEGGER_RTT_HasKey	8	static
../Middlewares/Third_Party/SEGGER/SEGGER_RTT.c:1213:10:SEGGER_RTT_HasData	0	static
../Middlewares/Third_Party/SEGGER/SEGGER_RTT.c:1234:10:SEGGER_RTT_HasDataUp	0	static
../Middlewares/Third_Party/SEGGER/SEGGER_RTT.c:1262:5:SEGGER_RTT_AllocDownBuffer	24	static,ignoring_inline_asm
../Middlewares/Third_Party/SEGGER/SEGGER_RTT.c:1307:5:SEGGER_RTT_AllocUpBuffer	24	static,ignoring_inline_asm
../Middlewares/Third_Party/SEGGER/SEGGER_RTT.c:1358:5:SEGGER_RTT_ConfigUpBuffer	24	static,ignoring_inline_asm
../Middlewares/Third_Party/SEGGER/SEGGER_RTT.c:1405:5:SEGGER_RTT_ConfigDownBuffer	24	static,ignoring_inline_asm
../Middlewares/Third_Party/SEGGER/SEGGER_RTT.c:1443:5:SEGGER_RTT_SetNameUpBuffer	16	static,ignoring_inline_asm
../Middlewares/Third_Party/SEGGER/SEGGER_RTT.c:1474:5:SEGGER_RTT_SetNameDownBuffer	16	static,ignoring_inline_asm
../Middlewares/Third_Party/SEGGER/SEGGER_RTT.c:1505:5:SEGGER_RTT_SetFlagsUpBuffer	16	static,ignoring_inline_asm
../Middlewares/Third_Party/SEGGER/SEGGER_RTT.c:1536:5:SEGGER_RTT_SetFlagsDownBuffer	16	static,ignoring_inline_asm
../Middlewares/Third_Party/SEGGER/SEGGER_RTT.c:1560:6:SEGGER_RTT_Init	8	static
../Middlewares/Third_Party/SEGGER/SEGGER_RTT.c:1578:5:SEGGER_RTT_SetTerminal	24	static,ignoring_inline_asm
../Middlewares/Third_Party/SEGGER/SEGGER_RTT.c:1628:5:SEGGER_RTT_TerminalOut	32	static,ignoring_inline_asm
